.........................ss............................................. [  7%]
........................................................................ [ 14%]
........................................................................ [ 21%]
........................................................................ [ 29%]
...................................................................s.... [ 36%]
........................................................................ [ 43%]
...............................................s........................ [ 50%]
........................................................................ [ 58%]
........................................................................ [ 65%]
........................................................................ [ 72%]
..........s............................................................. [ 80%]
........................................................................ [ 87%]
........................................................................ [ 94%]
......................................................                   [100%]
=============================== warnings summary ===============================
.venv/lib/python3.12/site-packages/fastapi/testclient.py:1
  /Users/achii/quant-ws/company-autonomous-research/quant-ai-company/.venv/lib/python3.12/site-packages/fastapi/testclient.py:1: StarletteDeprecationWarning: Using `httpx` with `starlette.testclient` is deprecated; install `httpx2` instead.
    from starlette.testclient import TestClient as TestClient  # noqa

.venv/lib/python3.12/site-packages/starlette/testclient.py:53
  /Users/achii/quant-ws/company-autonomous-research/quant-ai-company/.venv/lib/python3.12/site-packages/starlette/testclient.py:53: DeprecationWarning: The anyio.abc.BlockingPortal alias is deprecated, use anyio.from_thread.BlockingPortal instead.
    _PortalFactoryType = Callable[[], AbstractContextManager[anyio.abc.BlockingPortal]]

-- Docs: https://docs.pytest.org/en/stable/how-to/capture-warnings.html
985 passed, 5 skipped, 1 deselected, 2 warnings in 317.84s (0:05:17)
